
[2026-08-06 20:28:17.763736]
Traceback (most recent call last):
  File "C:\Users\guilh\AppData\Local\Programs\Python\Python313\Lib\tkinter\__init__.py", line 2068, in __call__
    return self.func(*args)
           ~~~~~~~~~^^^^^^^
  File "C:\Users\guilh\Desktop\Automação Abentroth\.venv\Lib\site-packages\customtkinter\windows\widgets\ctk_button.py", line 554, in _clicked
    self._command()
    ~~~~~~~~~~~~~^^
  File "C:\Users\guilh\Desktop\Automação Abentroth\emissor_portal_nacional_modulo.py", line 107, in tela_emissor_manual_pn
    super().tela_emissor_manual()
    ~~~~~~~~~~~~~~~~~~~~~~~~~~~^^
  File "C:\Users\guilh\Desktop\Automação Abentroth\betha_manual_modulo.py", line 265, in tela_emissor_manual
    self.ao_selecionar_prestador(lista_p[0])
    ~~~~~~~~~~~~~~~~~~~~~~~~~~~~^^^^^^^^^^^^
  File "C:\Users\guilh\Desktop\Automação Abentroth\emissor_portal_nacional_modulo.py", line 168, in ao_selecionar_prestador
    self._atualizar_label_municipio_emissao()
    ~~~~~~~~~~~~~~~~~~~~~~~~~~~~~~~~~~~~~~~^^
  File "C:\Users\guilh\Desktop\Automação Abentroth\emissor_portal_nacional_modulo.py", line 174, in _atualizar_label_municipio_emissao
    self.lbl_municipio_emissao.configure(
    ~~~~~~~~~~~~~~~~~~~~~~~~~~~~~~~~~~~~^
        text=f"Cidade de emissão: {self.municipio_emissao_nome}-{self.municipio_emissao_uf} "
        ^^^^^^^^^^^^^^^^^^^^^^^^^^^^^^^^^^^^^^^^^^^^^^^^^^^^^^^^^^^^^^^^^^^^^^^^^^^^^^^^^^^^^
             f"(IBGE {self.municipio_emissao_ibge}) | Ambiente: {self.ambiente_emissao}")
             ^^^^^^^^^^^^^^^^^^^^^^^^^^^^^^^^^^^^^^^^^^^^^^^^^^^^^^^^^^^^^^^^^^^^^^^^^^^^
  File "C:\Users\guilh\Desktop\Automação Abentroth\.venv\Lib\site-packages\customtkinter\windows\widgets\ctk_label.py", line 206, in configure
    self._label.configure(text=self._text)
    ~~~~~~~~~~~~~~~~~~~~~^^^^^^^^^^^^^^^^^
  File "C:\Users\guilh\AppData\Local\Programs\Python\Python313\Lib\tkinter\__init__.py", line 1822, in configure
    return self._configure('configure', cnf, kw)
           ~~~~~~~~~~~~~~~^^^^^^^^^^^^^^^^^^^^^^
  File "C:\Users\guilh\AppData\Local\Programs\Python\Python313\Lib\tkinter\__init__.py", line 1812, in _configure
    self.tk.call(_flatten((self._w, cmd)) + self._options(cnf))
    ~~~~~~~~~~~~^^^^^^^^^^^^^^^^^^^^^^^^^^^^^^^^^^^^^^^^^^^^^^^
_tkinter.TclError: invalid command name ".!ctkframe.!canvas.!ctkscrollableframe.!ctkframe12.!ctkframe.!ctklabel.!label"


[2026-08-06 20:28:21.863379]
Traceback (most recent call last):
  File "C:\Users\guilh\AppData\Local\Programs\Python\Python313\Lib\tkinter\__init__.py", line 2068, in __call__
    return self.func(*args)
           ~~~~~~~~~^^^^^^^
  File "C:\Users\guilh\Desktop\Automação Abentroth\.venv\Lib\site-packages\customtkinter\windows\widgets\core_widget_classes\dropdown_menu.py", line 101, in <lambda>
    command=lambda v=value: self._button_callback(v),
                            ~~~~~~~~~~~~~~~~~~~~~^^^
  File "C:\Users\guilh\Desktop\Automação Abentroth\.venv\Lib\site-packages\customtkinter\windows\widgets\core_widget_classes\dropdown_menu.py", line 106, in _button_callback
    self._command(value)
    ~~~~~~~~~~~~~^^^^^^^
  File "C:\Users\guilh\Desktop\Automação Abentroth\.venv\Lib\site-packages\customtkinter\windows\widgets\ctk_combobox.py", line 384, in _dropdown_callback
    self._command(value)
    ~~~~~~~~~~~~~^^^^^^^
  File "C:\Users\guilh\Desktop\Automação Abentroth\emissor_portal_nacional_modulo.py", line 168, in ao_selecionar_prestador
    self._atualizar_label_municipio_emissao()
    ~~~~~~~~~~~~~~~~~~~~~~~~~~~~~~~~~~~~~~~^^
  File "C:\Users\guilh\Desktop\Automação Abentroth\emissor_portal_nacional_modulo.py", line 174, in _atualizar_label_municipio_emissao
    self.lbl_municipio_emissao.configure(
    ~~~~~~~~~~~~~~~~~~~~~~~~~~~~~~~~~~~~^
        text=f"Cidade de emissão: {self.municipio_emissao_nome}-{self.municipio_emissao_uf} "
        ^^^^^^^^^^^^^^^^^^^^^^^^^^^^^^^^^^^^^^^^^^^^^^^^^^^^^^^^^^^^^^^^^^^^^^^^^^^^^^^^^^^^^
             f"(IBGE {self.municipio_emissao_ibge}) | Ambiente: {self.ambiente_emissao}")
             ^^^^^^^^^^^^^^^^^^^^^^^^^^^^^^^^^^^^^^^^^^^^^^^^^^^^^^^^^^^^^^^^^^^^^^^^^^^^
  File "C:\Users\guilh\Desktop\Automação Abentroth\.venv\Lib\site-packages\customtkinter\windows\widgets\ctk_label.py", line 206, in configure
    self._label.configure(text=self._text)
    ~~~~~~~~~~~~~~~~~~~~~^^^^^^^^^^^^^^^^^
  File "C:\Users\guilh\AppData\Local\Programs\Python\Python313\Lib\tkinter\__init__.py", line 1822, in configure
    return self._configure('configure', cnf, kw)
           ~~~~~~~~~~~~~~~^^^^^^^^^^^^^^^^^^^^^^
  File "C:\Users\guilh\AppData\Local\Programs\Python\Python313\Lib\tkinter\__init__.py", line 1812, in _configure
    self.tk.call(_flatten((self._w, cmd)) + self._options(cnf))
    ~~~~~~~~~~~~^^^^^^^^^^^^^^^^^^^^^^^^^^^^^^^^^^^^^^^^^^^^^^^
_tkinter.TclError: invalid command name ".!ctkframe.!canvas.!ctkscrollableframe.!ctkframe12.!ctkframe.!ctklabel.!label"


[2026-08-06 20:28:27.531148]
Traceback (most recent call last):
  File "C:\Users\guilh\AppData\Local\Programs\Python\Python313\Lib\tkinter\__init__.py", line 2068, in __call__
    return self.func(*args)
           ~~~~~~~~~^^^^^^^
  File "C:\Users\guilh\Desktop\Automação Abentroth\.venv\Lib\site-packages\customtkinter\windows\widgets\ctk_button.py", line 554, in _clicked
    self._command()
    ~~~~~~~~~~~~~^^
  File "C:\Users\guilh\Desktop\Automação Abentroth\emissor_portal_nacional_modulo.py", line 107, in tela_emissor_manual_pn
    super().tela_emissor_manual()
    ~~~~~~~~~~~~~~~~~~~~~~~~~~~^^
  File "C:\Users\guilh\Desktop\Automação Abentroth\betha_manual_modulo.py", line 265, in tela_emissor_manual
    self.ao_selecionar_prestador(lista_p[0])
    ~~~~~~~~~~~~~~~~~~~~~~~~~~~~^^^^^^^^^^^^
  File "C:\Users\guilh\Desktop\Automação Abentroth\emissor_portal_nacional_modulo.py", line 168, in ao_selecionar_prestador
    self._atualizar_label_municipio_emissao()
    ~~~~~~~~~~~~~~~~~~~~~~~~~~~~~~~~~~~~~~~^^
  File "C:\Users\guilh\Desktop\Automação Abentroth\emissor_portal_nacional_modulo.py", line 174, in _atualizar_label_municipio_emissao
    self.lbl_municipio_emissao.configure(
    ~~~~~~~~~~~~~~~~~~~~~~~~~~~~~~~~~~~~^
        text=f"Cidade de emissão: {self.municipio_emissao_nome}-{self.municipio_emissao_uf} "
        ^^^^^^^^^^^^^^^^^^^^^^^^^^^^^^^^^^^^^^^^^^^^^^^^^^^^^^^^^^^^^^^^^^^^^^^^^^^^^^^^^^^^^
             f"(IBGE {self.municipio_emissao_ibge}) | Ambiente: {self.ambiente_emissao}")
             ^^^^^^^^^^^^^^^^^^^^^^^^^^^^^^^^^^^^^^^^^^^^^^^^^^^^^^^^^^^^^^^^^^^^^^^^^^^^
  File "C:\Users\guilh\Desktop\Automação Abentroth\.venv\Lib\site-packages\customtkinter\windows\widgets\ctk_label.py", line 206, in configure
    self._label.configure(text=self._text)
    ~~~~~~~~~~~~~~~~~~~~~^^^^^^^^^^^^^^^^^
  File "C:\Users\guilh\AppData\Local\Programs\Python\Python313\Lib\tkinter\__init__.py", line 1822, in configure
    return self._configure('configure', cnf, kw)
           ~~~~~~~~~~~~~~~^^^^^^^^^^^^^^^^^^^^^^
  File "C:\Users\guilh\AppData\Local\Programs\Python\Python313\Lib\tkinter\__init__.py", line 1812, in _configure
    self.tk.call(_flatten((self._w, cmd)) + self._options(cnf))
    ~~~~~~~~~~~~^^^^^^^^^^^^^^^^^^^^^^^^^^^^^^^^^^^^^^^^^^^^^^^
_tkinter.TclError: invalid command name ".!ctkframe.!canvas.!ctkscrollableframe.!ctkframe12.!ctkframe.!ctklabel.!label"


[2026-08-06 21:00:58.546963]
Traceback (most recent call last):
  File "C:\Users\guilh\AppData\Local\Programs\Python\Python313\Lib\tkinter\__init__.py", line 2068, in __call__
    return self.func(*args)
           ~~~~~~~~~^^^^^^^
  File "C:\Users\guilh\Desktop\Automação Abentroth\.venv\Lib\site-packages\customtkinter\windows\widgets\ctk_button.py", line 554, in _clicked
    self._command()
    ~~~~~~~~~~~~~^^
  File "C:\Users\guilh\Desktop\Automação Abentroth\emissor_portal_nacional_modulo.py", line 109, in tela_emissor_manual_pn
    super().tela_emissor_manual()
    ~~~~~~~~~~~~~~~~~~~~~~~~~~~^^
  File "C:\Users\guilh\Desktop\Automação Abentroth\betha_manual_modulo.py", line 265, in tela_emissor_manual
    self.ao_selecionar_prestador(lista_p[0])
    ~~~~~~~~~~~~~~~~~~~~~~~~~~~~^^^^^^^^^^^^
  File "C:\Users\guilh\Desktop\Automação Abentroth\emissor_portal_nacional_modulo.py", line 170, in ao_selecionar_prestador
    self._atualizar_label_municipio_emissao()
    ~~~~~~~~~~~~~~~~~~~~~~~~~~~~~~~~~~~~~~~^^
  File "C:\Users\guilh\Desktop\Automação Abentroth\emissor_portal_nacional_modulo.py", line 176, in _atualizar_label_municipio_emissao
    self.lbl_municipio_emissao.configure(
    ~~~~~~~~~~~~~~~~~~~~~~~~~~~~~~~~~~~~^
        text=f"Cidade de emissão: {self.municipio_emissao_nome}-{self.municipio_emissao_uf} "
        ^^^^^^^^^^^^^^^^^^^^^^^^^^^^^^^^^^^^^^^^^^^^^^^^^^^^^^^^^^^^^^^^^^^^^^^^^^^^^^^^^^^^^
             f"(IBGE {self.municipio_emissao_ibge}) | Ambiente: {self.ambiente_emissao}")
             ^^^^^^^^^^^^^^^^^^^^^^^^^^^^^^^^^^^^^^^^^^^^^^^^^^^^^^^^^^^^^^^^^^^^^^^^^^^^
  File "C:\Users\guilh\Desktop\Automação Abentroth\.venv\Lib\site-packages\customtkinter\windows\widgets\ctk_label.py", line 206, in configure
    self._label.configure(text=self._text)
    ~~~~~~~~~~~~~~~~~~~~~^^^^^^^^^^^^^^^^^
  File "C:\Users\guilh\AppData\Local\Programs\Python\Python313\Lib\tkinter\__init__.py", line 1822, in configure
    return self._configure('configure', cnf, kw)
           ~~~~~~~~~~~~~~~^^^^^^^^^^^^^^^^^^^^^^
  File "C:\Users\guilh\AppData\Local\Programs\Python\Python313\Lib\tkinter\__init__.py", line 1812, in _configure
    self.tk.call(_flatten((self._w, cmd)) + self._options(cnf))
    ~~~~~~~~~~~~^^^^^^^^^^^^^^^^^^^^^^^^^^^^^^^^^^^^^^^^^^^^^^^
_tkinter.TclError: invalid command name ".!ctkframe.!canvas.!ctkscrollableframe.!ctkframe12.!ctkframe.!ctklabel.!label"


[2026-08-13 20:33:16.304644]
Traceback (most recent call last):
  File "C:\Users\guilh\AppData\Local\Programs\Python\Python313\Lib\tkinter\__init__.py", line 2068, in __call__
    return self.func(*args)
           ~~~~~~~~~^^^^^^^
  File "C:\Users\guilh\AppData\Local\Programs\Python\Python313\Lib\tkinter\__init__.py", line 862, in callit
    func(*args)
    ~~~~^^^^^^^
  File "C:\Users\guilh\Desktop\Automação Abentroth\betha_manual_modulo.py", line 779, in <lambda>
    f"Erro inesperado: {e}", "erro"))
                        ^
NameError: cannot access free variable 'e' where it is not associated with a value in enclosing scope. Did you mean: 're'?

